This is pdfTeX, Version 3.141592653-2.6-1.40.29 (TeX Live 2026) (preloaded format=pdflatex)
 restricted \write18 enabled.
entering extended mode
(./exemple-gabarit-main.tex
LaTeX2e <2025-11-01>
L3 programming layer <2026-01-19>
(./acmart.cls
Document Class: acmart 2025/08/27 v2.16 Typesetting articles for the Associatio
n for Computing Machinery
(/Users/amirkellousidhoum/Library/texmf/tex/latex/xkeyval/xkeyval.sty
(/Users/amirkellousidhoum/Library/texmf/tex/generic/xkeyval/xkeyval.tex
(/Users/amirkellousidhoum/Library/texmf/tex/generic/xkeyval/xkvutils.tex
(/Users/amirkellousidhoum/Library/texmf/tex/generic/xkeyval/keyval.tex))))
(/Users/amirkellousidhoum/Library/texmf/tex/generic/xstring/xstring.sty
(/Users/amirkellousidhoum/Library/texmf/tex/generic/xstring/xstring.tex))
(/usr/local/texlive/2026basic/texmf-dist/tex/generic/iftex/iftex.sty)
(/usr/local/texlive/2026basic/texmf-dist/tex/latex/amscls/amsart.cls
Document Class: amsart 2020/05/29 v2.20.6
(/usr/local/texlive/2026basic/texmf-dist/tex/latex/amsmath/amsmath.sty
For additional information on amsmath, use the `?' option.
(/usr/local/texlive/2026basic/texmf-dist/tex/latex/amsmath/amstext.sty
(/usr/local/texlive/2026basic/texmf-dist/tex/latex/amsmath/amsgen.sty))
(/usr/local/texlive/2026basic/texmf-dist/tex/latex/amsmath/amsbsy.sty)
(/usr/local/texlive/2026basic/texmf-dist/tex/latex/amsmath/amsopn.sty))
(/usr/local/texlive/2026basic/texmf-dist/tex/latex/amsfonts/umsa.fd)
(/usr/local/texlive/2026basic/texmf-dist/tex/latex/amsfonts/amsfonts.sty))
(/usr/local/texlive/2026basic/texmf-dist/tex/latex/microtype/microtype.sty
(/usr/local/texlive/2026basic/texmf-dist/tex/latex/etoolbox/etoolbox.sty)
(/usr/local/texlive/2026basic/texmf-dist/tex/latex/microtype/microtype-pdftex.d
ef) (/usr/local/texlive/2026basic/texmf-dist/tex/latex/microtype/microtype.cfg)
) (/usr/local/texlive/2026basic/texmf-dist/tex/latex/booktabs/booktabs.sty)
(/Users/amirkellousidhoum/Library/texmf/tex/latex/refcount/refcount.sty
(/usr/local/texlive/2026basic/texmf-dist/tex/generic/ltxcmds/ltxcmds.sty)
(/usr/local/texlive/2026basic/texmf-dist/tex/generic/infwarerr/infwarerr.sty))
(/Users/amirkellousidhoum/Library/texmf/tex/latex/totpages/totpages.sty
(/usr/local/texlive/2026basic/texmf-dist/tex/latex/everyshi/everyshi.sty))
(/Users/amirkellousidhoum/Library/texmf/tex/latex/environ/environ.sty
(/Users/amirkellousidhoum/Library/texmf/tex/latex/trimspaces/trimspaces.sty))
(/usr/local/texlive/2026basic/texmf-dist/tex/latex/natbib/natbib.sty)
(/usr/local/texlive/2026basic/texmf-dist/tex/latex/hyperref/hyperref.sty
(/usr/local/texlive/2026basic/texmf-dist/tex/latex/kvsetkeys/kvsetkeys.sty)
(/usr/local/texlive/2026basic/texmf-dist/tex/generic/kvdefinekeys/kvdefinekeys.
sty)
(/usr/local/texlive/2026basic/texmf-dist/tex/generic/pdfescape/pdfescape.sty
(/usr/local/texlive/2026basic/texmf-dist/tex/generic/pdftexcmds/pdftexcmds.sty)
) (/usr/local/texlive/2026basic/texmf-dist/tex/latex/hycolor/hycolor.sty)
(/usr/local/texlive/2026basic/texmf-dist/tex/latex/hyperref/nameref.sty
(/usr/local/texlive/2026basic/texmf-dist/tex/generic/gettitlestring/gettitlestr
ing.sty
(/usr/local/texlive/2026basic/texmf-dist/tex/latex/kvoptions/kvoptions.sty)))
(/usr/local/texlive/2026basic/texmf-dist/tex/generic/stringenc/stringenc.sty)
(/usr/local/texlive/2026basic/texmf-dist/tex/latex/hyperref/pd1enc.def)
(/usr/local/texlive/2026basic/texmf-dist/tex/generic/intcalc/intcalc.sty)
(/usr/local/texlive/2026basic/texmf-dist/tex/latex/hyperref/puenc.def)
(/usr/local/texlive/2026basic/texmf-dist/tex/latex/url/url.sty)
(/usr/local/texlive/2026basic/texmf-dist/tex/generic/bitset/bitset.sty
(/usr/local/texlive/2026basic/texmf-dist/tex/generic/bigintcalc/bigintcalc.sty)
)) (/usr/local/texlive/2026basic/texmf-dist/tex/latex/hyperref/hpdftex.def
(/usr/local/texlive/2026basic/texmf-dist/tex/latex/rerunfilecheck/rerunfilechec
k.sty
(/usr/local/texlive/2026basic/texmf-dist/tex/generic/uniquecounter/uniquecounte
r.sty))) (./hyperxmp.sty
(/Users/amirkellousidhoum/Library/texmf/tex/latex/ifmtarg/ifmtarg.sty)
(/usr/local/texlive/2026basic/texmf-dist/tex/latex/base/ifthen.sty)
(/usr/local/texlive/2026basic/texmf-dist/tex/latex/oberdiek/ifdraft.sty)
(/usr/local/texlive/2026basic/texmf-dist/tex/generic/iftex/ifluatex.sty))
(/usr/local/texlive/2026basic/texmf-dist/tex/latex/graphics/graphicx.sty
(/usr/local/texlive/2026basic/texmf-dist/tex/latex/graphics/graphics.sty
(/usr/local/texlive/2026basic/texmf-dist/tex/latex/graphics/trig.sty)
(/usr/local/texlive/2026basic/texmf-dist/tex/latex/graphics-cfg/graphics.cfg)
(/usr/local/texlive/2026basic/texmf-dist/tex/latex/graphics-def/pdftex.def)))
(/usr/local/texlive/2026basic/texmf-dist/tex/latex/xcolor/xcolor.sty
(/usr/local/texlive/2026basic/texmf-dist/tex/latex/graphics-cfg/color.cfg)
(/usr/local/texlive/2026basic/texmf-dist/tex/latex/graphics/mathcolor.ltx))
(/usr/local/texlive/2026basic/texmf-dist/tex/latex/geometry/geometry.sty
(/usr/local/texlive/2026basic/texmf-dist/tex/generic/iftex/ifvtex.sty))
(/Users/amirkellousidhoum/Library/texmf/tex/latex/ncctools/manyfoot.sty
(/Users/amirkellousidhoum/Library/texmf/tex/latex/ncctools/nccfoots.sty))
(/usr/local/texlive/2026basic/texmf-dist/tex/generic/pdftex/glyphtounicode.tex)
(/usr/local/texlive/2026basic/texmf-dist/tex/latex/cmap/cmap.sty)
(/usr/local/texlive/2026basic/texmf-dist/tex/latex/base/fontenc.sty<<t1.cmap>>)
 (/Users/amirkellousidhoum/Library/texmf/tex/latex/libertine/libertine.sty
(/usr/local/texlive/2026basic/texmf-dist/tex/generic/iftex/ifxetex.sty)
(/usr/local/texlive/2026basic/texmf-dist/tex/latex/base/textcomp.sty)
(/usr/local/texlive/2026basic/texmf-dist/tex/latex/base/fontenc.sty)
(/Users/amirkellousidhoum/Library/texmf/tex/latex/fontaxes/fontaxes.sty
(/Users/amirkellousidhoum/Library/texmf/tex/latex/fontaxes/fontaxes-v1.sty))
(/Users/amirkellousidhoum/Library/texmf/tex/latex/libertine/LinLibertine_I.tex)
) (/Users/amirkellousidhoum/Library/texmf/tex/latex/inconsolata/zi4.sty
`inconsolata-zi4' v1.12, 2019/05/17 Text macros for Inconsolata (msharpe))
(/Users/amirkellousidhoum/Library/texmf/tex/latex/newtx/newtxmath.sty
`newtxmath' v1.754, 2024/09/22 Math macros based originally on txfonts (msharpe
) (/usr/local/texlive/2026basic/texmf-dist/tex/latex/oberdiek/centernot.sty)
(/Users/amirkellousidhoum/Library/texmf/tex/generic/kastrup/binhex.tex)
amsthm NOT loaded
) (/usr/local/texlive/2026basic/texmf-dist/tex/latex/caption/caption.sty
(/usr/local/texlive/2026basic/texmf-dist/tex/latex/caption/caption3.sty
(/usr/local/texlive/2026basic/texmf-dist/tex/latex/caption/caption-ams-smf.sto)
)) (/usr/local/texlive/2026basic/texmf-dist/tex/latex/float/float.sty)
(/Users/amirkellousidhoum/Library/texmf/tex/latex/comment/comment.sty
Excluding comment 'comment') Excluding comment 'CCSXML'
(/usr/local/texlive/2026basic/texmf-dist/tex/latex/fancyhdr/fancyhdr.sty)
Special comment 'acks'
(/Users/amirkellousidhoum/Library/texmf/tex/latex/libertine/t1linuxlibertinet-t
lf.fd)) (./popets.sty Special comment 'ai' Special comment 'ethics'
Special comment 'openscience')
(/Users/amirkellousidhoum/Library/texmf/tex/latex/preprint/balance.sty)
Excluding comment 'screenonly' Include comment 'printonly'
Excluding comment 'anonsuppress' Excluding comment 'acks'
(/usr/local/texlive/2026basic/texmf-dist/tex/latex/l3backend/l3backend-pdftex.d
ef) (./exemple-gabarit-main.aux)
(/Users/amirkellousidhoum/Library/texmf/tex/latex/newtx/omlnxlmi.fd)
(/Users/amirkellousidhoum/Library/texmf/tex/latex/newtx/untxexa.fd)
(/Users/amirkellousidhoum/Library/texmf/tex/latex/newtx/lmsntxsy.fd)
(/Users/amirkellousidhoum/Library/texmf/tex/latex/newtx/lmxntxexx.fd)
(/Users/amirkellousidhoum/Library/texmf/tex/latex/libertine/ot1linuxlibertinet-
tlf.fd)<<ot1.cmap>>
(/usr/local/texlive/2026basic/texmf-dist/tex/latex/amsfonts/umsa.fd)
(/usr/local/texlive/2026basic/texmf-dist/tex/latex/amsfonts/umsb.fd)
(/Users/amirkellousidhoum/Library/texmf/tex/latex/newtx/untxmia.fd)
(/Users/amirkellousidhoum/Library/texmf/tex/latex/newtx/untxsym.fd)
(/Users/amirkellousidhoum/Library/texmf/tex/latex/newtx/untxsyc.fd)
(./exemple-gabarit-main.out) (./exemple-gabarit-main.out)
(/usr/local/texlive/2026basic/texmf-dist/tex/context/base/mkii/supp-pdf.mkii
[Loading MPS to PDF converter (version 2006.09.02).]
)
(/usr/local/texlive/2026basic/texmf-dist/tex/latex/epstopdf-pkg/epstopdf-base.s
ty
(/usr/local/texlive/2026basic/texmf-dist/tex/latex/latexconfig/epstopdf-sys.cfg
))
*geometry* driver: auto-detecting
*geometry* detected driver: pdftex
(/usr/local/texlive/2026basic/texmf-dist/tex/latex/upquote/upquote.sty)
(/Users/amirkellousidhoum/Library/texmf/tex/latex/libertine/t1linuxbiolinumt-tl
f.fd)
Overfull \hbox (3.85251pt too wide) in paragraph at lines 71--71
[][]

(/Users/amirkellousidhoum/Library/texmf/tex/latex/libertine/ts1linuxlibertinet-
tlf.fd) (/usr/local/texlive/2026basic/texmf-dist/tex/latex/microtype/mt-msa.cfg
) (/usr/local/texlive/2026basic/texmf-dist/tex/latex/microtype/mt-msb.cfg)
(/Users/amirkellousidhoum/Library/texmf/tex/latex/inconsolata/t1zi4.fd)
Overfull \hbox (2.30536pt too wide) in paragraph at lines 156--159
\T1/LinuxLibertineT-TLF/m/n/9 (-20) Your work should use stan-dard L[]T[]X sec-
tion-ing com-mands: [][]\T1/zi4/m/n/9 section[]\T1/LinuxLibertineT-TLF/m/n/9 (-
20) ,

Overfull \hbox (1.26605pt too wide) in paragraph at lines 156--159
[][]\T1/zi4/m/n/9 subsection[]\T1/LinuxLibertineT-TLF/m/n/9 (-20) , [][]\T1/zi4
/m/n/9 subsubsection[]\T1/LinuxLibertineT-TLF/m/n/9 (-20) , and [][]\T1/zi4/m/n
/9 paragraph[]\T1/LinuxLibertineT-TLF/m/n/9 (-20) . They should be num-

Underfull \vbox (badness 10000) has occurred while \output is active [1.1{/User
s/amirkellousidhoum/Library/texlive/2026basic/texmf-var/fonts/map/pdftex/updmap
/pdftex.map}{/Users/amirkellousidhoum/Library/texmf/fonts/enc/dvips/libertine/l
btn_76gpa5.enc}{/Users/amirkellousidhoum/Library/texmf/fonts/enc/dvips/libertin
e/lbtn_25tcsq.enc}{/Users/amirkellousidhoum/Library/texmf/fonts/enc/dvips/liber
tine/lbtn_nh77jq.enc}{/Users/amirkellousidhoum/Library/texmf/fonts/enc/dvips/li
bertine/lbtn_7grukw.enc}{/Users/amirkellousidhoum/Library/texmf/fonts/enc/dvips
/libertine/lbtn_naooyc.enc}{/Users/amirkellousidhoum/Library/texmf/fonts/enc/dv
ips/inconsolata/i4-t1-4.enc} <./cc-by-4.pdf>]
Overfull \hbox (4.77193pt too wide) in paragraph at lines 271--282
\T1/LinuxLibertineT-TLF/m/n/9 (-20) 2000 char-ac-ters long (in-clud-ing spaces)
. \T1/LinuxLibertineT-TLF/b/n/9 (-20) Fig-ure de-scrip-tions should
[2.2{/Users/amirkellousidhoum/Library/texmf/fonts/enc/dvips/libertine/lbtn_oexx
6f.enc} <./sample-franklin.png>] Excluding 'acks' comment.
Processing 'ethics' comment. Comment 'ethics' writing to comment.cut.
Straight input of comment.cut. (./comment.cut)
Processing 'openscience' comment.
Comment 'openscience' writing to comment.cut. Straight input of comment.cut.
(./comment.cut
Underfull \vbox (badness 10000) has occurred while \output is active)
Processing 'ai' comment. Comment 'ai' writing to comment.cut.
Straight input of comment.cut. (./comment.cut) (./exemple-gabarit-main.bbl
Underfull \vbox (badness 10000) has occurred while \output is active [3.3]
Underfull \vbox (badness 10000) has occurred while \output is active)

Class acmart Warning: ACM reference format is mandatory 
(acmart)              for papers over one page. 
(acmart)              Please add printacmref=true to the 
(acmart)              \settopmatter command..


Class acmart Warning: CCS concepts are mandatory for papers over two pages.


Package balance Warning: You have called \balance in second column
(balance)                Columns might not be balanced.

(/usr/local/texlive/2026basic/texmf-dist/tex/generic/stringenc/se-pdfdoc.def)
(/usr/local/texlive/2026basic/texmf-dist/tex/generic/stringenc/se-utf8.def)
[4.4] (./exemple-gabarit-main.aux) )
(see the transcript file for additional information)</Users/amirkellousidhoum/L
ibrary/texmf/fonts/type1/public/inconsolata/Inconsolata-zi4r.pfb></Users/amirke
llousidhoum/Library/texmf/fonts/type1/public/newtx/LibertineMathMI.pfb></Users/
amirkellousidhoum/Library/texmf/fonts/type1/public/newtx/LibertineMathMI7.pfb><
/Users/amirkellousidhoum/Library/texmf/fonts/type1/public/newtx/LibertineMathRM
.pfb></Users/amirkellousidhoum/Library/texmf/fonts/type1/public/libertine/LinBi
olinumT.pfb></Users/amirkellousidhoum/Library/texmf/fonts/type1/public/libertin
e/LinBiolinumTB.pfb></Users/amirkellousidhoum/Library/texmf/fonts/type1/public/
libertine/LinLibertineT.pfb></Users/amirkellousidhoum/Library/texmf/fonts/type1
/public/libertine/LinLibertineTB.pfb></Users/amirkellousidhoum/Library/texmf/fo
nts/type1/public/libertine/LinLibertineTI.pfb></Users/amirkellousidhoum/Library
/texmf/fonts/type1/public/newtx/txexs.pfb></Users/amirkellousidhoum/Library/tex
mf/fonts/type1/public/newtx/txmiaX.pfb></Users/amirkellousidhoum/Library/texmf/
fonts/type1/public/newtx/txsys.pfb>
Output written on exemple-gabarit-main.pdf (4 pages, 568765 bytes).
Transcript written on exemple-gabarit-main.log.
